// Jest Snapshot v1, https://goo.gl/fbAQLP

exports[`PhotographerDetailsScreen Component Tests Snapshot-01: Matches snapshot for default state 1`] = `
<View
  style={
    {
      "alignItems": "center",
      "flex": 1,
      "justifyContent": "center",
    }
  }
>
  <ActivityIndicator
    color="#7B2869"
    size="large"
    testID="loading-indicator"
  />
  <Text>
    Loading vendor details...
  </Text>
</View>
`;

exports[`PhotographerDetailsScreen Component Tests Snapshot-02: Matches snapshot after data is loaded 1`] = `
<View
  style={
    {
      "alignItems": "center",
      "flex": 1,
      "justifyContent": "center",
    }
  }
>
  <ActivityIndicator
    color="#7B2869"
    size="large"
    testID="loading-indicator"
  />
  <Text>
    Loading vendor details...
  </Text>
</View>
`;

exports[`PhotographerDetailsScreen Component Tests Snapshot-03: Matches snapshot for packages tab 1`] = `
<View
  style={
    {
      "alignItems": "center",
      "flex": 1,
      "justifyContent": "center",
    }
  }
>
  <ActivityIndicator
    color="#7B2869"
    size="large"
    testID="loading-indicator"
  />
  <Text>
    Loading vendor details...
  </Text>
</View>
`;

exports[`PhotographerDetailsScreen Component Tests Snapshot-04: Matches snapshot for reviews tab 1`] = `
<View
  style={
    {
      "alignItems": "center",
      "flex": 1,
      "justifyContent": "center",
    }
  }
>
  <ActivityIndicator
    color="#7B2869"
    size="large"
    testID="loading-indicator"
  />
  <Text>
    Loading vendor details...
  </Text>
</View>
`;

exports[`PhotographerDetailsScreen Component Tests Snapshot-05: Matches snapshot when an error occurs 1`] = `
<View
  style={
    {
      "alignItems": "center",
      "flex": 1,
      "justifyContent": "center",
    }
  }
>
  <ActivityIndicator
    color="#7B2869"
    size="large"
    testID="loading-indicator"
  />
  <Text>
    Loading vendor details...
  </Text>
</View>
`;

exports[`PhotographerDetailsScreen Component Tests Snapshot-06: Matches snapshot for scroll view 1`] = `
<View
  style={
    {
      "alignItems": "center",
      "flex": 1,
      "justifyContent": "center",
    }
  }
>
  <ActivityIndicator
    color="#7B2869"
    size="large"
    testID="loading-indicator"
  />
  <Text>
    Loading vendor details...
  </Text>
</View>
`;

exports[`PhotographerDetailsScreen Component Tests Snapshot-07: Matches snapshot after switching to the reviews tab 1`] = `
<View
  style={
    {
      "alignItems": "center",
      "flex": 1,
      "justifyContent": "center",
    }
  }
>
  <ActivityIndicator
    color="#7B2869"
    size="large"
    testID="loading-indicator"
  />
  <Text>
    Loading vendor details...
  </Text>
</View>
`;
